### E-run supervisor F-gb4_20261009-130138_run3
### child: E:\aiwork\ComfyUI_windows_portable_intel\ComfyUI_windows_portable\python_embeded\python.exe -s -u C:\Users\HE\WorkBuddy\2026-10-08-23-50-54\aimdo-xpu\yan_s3b_run.py --port 8196 --out-csv C:\Users\HE\WorkBuddy\2026-10-08-23-50-54\aimdo-xpu\logs\F-gb4_20261009-130138_run3_pin.csv --out-json C:\Users\HE\WorkBuddy\2026-10-08-23-50-54\aimdo-xpu\logs\F-gb4_20261009-130138_run3_result.json --interval 1.0 --hard-timeout 2100 -- --windows-standalone-build --disable-auto-launch --port 8196 --high-ram
### AIMDO_XPU_ENABLED = <stripped>
### AIMDO_XPU_RAM_CACHE_GB = 4
###--- server output below ---
== S3b env: AIMDO_XPU_RAM_CACHE_GB=4 ==
== S3b will run: E:\aiwork\ComfyUI_windows_portable_intel\ComfyUI_windows_portable\ComfyUI\main.py --windows-standalone-build --disable-auto-launch --port 8196 --high-ram ==
== S3b sampler -> C:\Users\HE\WorkBuddy\2026-10-08-23-50-54\aimdo-xpu\logs\F-gb4_20261009-130138_run3_pin.csv (interval 1.0s) ==
[32m[INFO][0m setup plugin alembic.autogenerate.schemas
[32m[INFO][0m setup plugin alembic.autogenerate.tables
[32m[INFO][0m setup plugin alembic.autogenerate.types
[32m[INFO][0m setup plugin alembic.autogenerate.constraints
[32m[INFO][0m setup plugin alembic.autogenerate.defaults
[32m[INFO][0m setup plugin alembic.autogenerate.comments
[32m[INFO][0m setup plugin alembic.ext.checkconstraint_byname
[1m[33m[WARNING][0m On windows we are currently forcing single GPU mode in ComfyUI due to a Nvidia related issue, if you want to disable this use: --cuda-device all
[32m[INFO][0m comfy-aimdo: native backend does not provide malloc-graph capture (malloc_graph_create, malloc_graph_push, malloc_graph_pause, malloc_graph_set_stream, malloc_graph_pop, malloc_graph_abort, malloc_graph_stat, malloc_graph_destroy); continuing without graph capture
[32m[INFO][0m comfy-aimdo XPU: published 1 SYCL queue(s) to the native backend
[32m[INFO][0m aimdo: D:\a\comfy-aimdo\comfy-aimdo\native\src-xpu\ur-usm-detour.c:847:INFO:aimdo_xpu_ur_hook_install: arbitrating Unified Runtime USM allocations; PyTorch caching allocator retained
[32m[INFO][0m comfy-aimdo XPU backend ready (mode=native_hook)
[32m[INFO][0m Adding extra search path diffusion_models E:\HE\ComfyUI模型库\diffusion_models
[32m[INFO][0m Adding extra search path text_encoders E:\HE\ComfyUI模型库\text_encoders
[32m[INFO][0m Adding extra search path vae E:\HE\ComfyUI模型库\vae
[32m[INFO][0m Adding extra search path latent_upscale_models E:\HE\ComfyUI模型库\latent_upscale_models
[32m[INFO][0m Adding extra search path loras E:\HE\ComfyUI模型库\loras
[32m[INFO][0m Adding extra search path checkpoints E:\HE\ComfyUI模型库\checkpoints
[32m[INFO][0m Adding extra search path upscale_models E:\HE\ComfyUI模型库\upscale_models
[32m[INFO][0m Adding extra search path controlnet E:\HE\ComfyUI模型库\controlnet
[32m[INFO][0m Adding extra search path clip E:\HE\ComfyUI模型库\clip
[32m[INFO][0m Adding extra search path clip_vision E:\HE\ComfyUI模型库\clip_vision
[32m[INFO][0m Adding extra search path audio_encoders E:\HE\ComfyUI模型库\audio_encoders
[32m[INFO][0m [OmniXPU] XPU allocator memory fraction applied during prestartup: requested=0.99 actual=0.989999999958 source=Windows default
[32m[INFO][0m 
Prestartup times for custom nodes:
[32m[INFO][0m    0.1 seconds: E:\aiwork\ComfyUI_windows_portable_intel\ComfyUI_windows_portable\ComfyUI\custom_nodes\ComfyUI-OmniXPU
[32m[INFO][0m 
[1m[33m[WARNING][0m WARNING: Potential Error in code: Torch already imported, torch should never be imported before this point.
[32m[INFO][0m Found comfy_kitchen backend xpu: {'available': True, 'disabled': False, 'unavailable_reason': None, 'capabilities': ['adaln', 'apply_rope', 'apply_rope1', 'apply_rope1_', 'apply_rope_', 'apply_rope_split_half', 'apply_rope_split_half1', 'apply_rope_split_half1_', 'apply_rope_split_half_', 'convrot_w4a4_linear', 'dequantize_convrot_w4a4_weight', 'dequantize_gguf', 'dequantize_int8_convrot_weight', 'dequantize_int8_convrot_weight_dtype', 'dequantize_int8_simple', 'dequantize_int8_simple_dtype', 'dequantize_per_tensor_fp8', 'fp16_conv3d', 'fp16_conv3d_out', 'fp16_linear', 'gemv_awq_w4a16', 'group_norm_silu_pad3d', 'group_norm_silu_pad3d_out', 'int8_linear', 'mm_int8', 'prepare_int4_weight_for_int8_linear', 'quantize_and_rotate_rowwise', 'quantize_convrot_w4a4_weight', 'quantize_int8_convrot_weight', 'quantize_int8_rowwise', 'quantize_int8_tensorwise', 'quantize_per_tensor_fp8', 'quantize_svdquant_w4a4', 'rms_adaln', 'rms_rope', 'rms_rope1', 'rms_rope1_', 'rms_rope_', 'rms_rope_split_half', 'rms_rope_split_half1', 'rms_rope_split_half1_', 'rms_rope_split_half_', 'scaled_mm_svdquant_w4a4', 'sol_attn', 'stochastic_rounding_fp8', 'svdquant_w4a16_linear']}
[32m[INFO][0m Found comfy_kitchen backend eager: {'available': True, 'disabled': False, 'unavailable_reason': None, 'capabilities': ['adaln', 'apply_rope', 'apply_rope1', 'apply_rope1_', 'apply_rope_', 'apply_rope_split_half', 'apply_rope_split_half1', 'apply_rope_split_half1_', 'apply_rope_split_half_', 'convrot_w4a4_linear', 'dequantize_convrot_w4a4_weight', 'dequantize_gguf', 'dequantize_int8_convrot_weight', 'dequantize_int8_convrot_weight_dtype', 'dequantize_int8_embedding', 'dequantize_int8_simple', 'dequantize_int8_simple_dtype', 'dequantize_mxfp8', 'dequantize_nvfp4', 'dequantize_per_tensor_fp8', 'dequantize_w4a8_int8_weight', 'fp16_conv3d', 'fp16_conv3d_out', 'fp16_linear', 'gemv_awq_w4a16', 'group_norm_silu_pad3d', 'group_norm_silu_pad3d_out', 'int8_linear', 'mm_int8', 'na3d', 'prepare_int4_weight_for_int8_linear', 'quantize_and_rotate_rowwise', 'quantize_convrot_w4a4_weight', 'quantize_int8_convrot_weight', 'quantize_int8_rowwise', 'quantize_int8_tensorwise', 'quantize_mxfp8', 'quantize_nvfp4', 'quantize_per_tensor_fp8', 'quantize_svdquant_w4a4', 'quantize_w4a8_int8_weight', 'rms_adaln', 'rms_rope', 'rms_rope1', 'rms_rope1_', 'rms_rope_', 'rms_rope_split_half', 'rms_rope_split_half1', 'rms_rope_split_half1_', 'rms_rope_split_half_', 'rotate_int8_convrot_weight', 'scaled_mm_mxfp8', 'scaled_mm_nvfp4', 'scaled_mm_svdquant_w4a4', 'sol_attn', 'stochastic_rounding_fp8', 'svdquant_w4a16_linear', 'w4a8_int8_linear']}
[32m[INFO][0m Found comfy_kitchen backend hip: {'available': False, 'disabled': False, 'unavailable_reason': 'PyTorch ROCm/HIP runtime not available', 'capabilities': []}
[32m[INFO][0m Found comfy_kitchen backend triton: {'available': False, 'disabled': True, 'unavailable_reason': 'Triton is unavailable by default on Windows; set COMFY_KITCHEN_ENABLE_TRITON_WINDOWS=1 before importing comfy_kitchen to enable it', 'capabilities': []}
[32m[INFO][0m Checkpoint files will always be loaded safely.
[32m[INFO][0m Total VRAM 11876 MB, total RAM 32712 MB
[32m[INFO][0m pytorch version: 2.14.0+xpu
[32m[INFO][0m Set vram state to: NORMAL_VRAM
[32m[INFO][0m Device: xpu:0 Intel(R) Arc(TM) B580 Graphics
[32m[INFO][0m Enabled XPU RAM cache 4096 (AIMDO_XPU_RAM_CACHE_GB=4.0)
[32m[INFO][0m Using pytorch attention
[32m[INFO][0m aimdo: D:\a\comfy-aimdo\comfy-aimdo\native\src-xpu\ze-detour.c:316:INFO:aimdo_setup_hooks: native Torch XPU allocator retained; arbitrating Unified Runtime USM allocations
[32m[INFO][0m aimdo: D:\a\comfy-aimdo\comfy-aimdo\native\src-win\shmem-detect.c:88:INFO:comfy-aimdo WDDM adapter match: Intel(R) Arc(TM) B580 Graphics runtime_luid=00000000:00009846 dxgi_luid=00000000:00009846
[32m[INFO][0m aimdo: D:\a\comfy-aimdo\comfy-aimdo\native\src\control.c:289:INFO:comfy-aimdo inited for GPU: Intel(R) Arc(TM) B580 Graphics (VRAM: 11875 MB)
[32m[INFO][0m DynamicVRAM support detected and enabled
[32m[INFO][0m Python version: 3.13.14 (tags/v3.13.14:fd17997, Jun 10 2026, 13:03:48) [MSC v.1944 64 bit (AMD64)]
[32m[INFO][0m ComfyUI version: 0.39.0
[32m[INFO][0m comfy-aimdo version: 0.5.6.dev28
[32m[INFO][0m comfy-kitchen version: 0.2.37
[32m[INFO][0m comfyui-frontend-package version: 1.53.10
[32m[INFO][0m comfyui-workflow-templates version: 0.11.76
[32m[INFO][0m comfyui-embedded-docs version: 0.5.13
[32m[INFO][0m comfy-kitchen version: 0.2.37
[32m[INFO][0m comfy-aimdo version: 0.5.6.dev28
[32m[INFO][0m [Prompt Server] web root: E:\aiwork\ComfyUI_windows_portable_intel\ComfyUI_windows_portable\python_embeded\Lib\site-packages\comfyui_frontend_package\static
[32m[INFO][0m Asset seeder disabled
E:\aiwork\ComfyUI_windows_portable_intel\ComfyUI_windows_portable\python_embeded\Lib\site-packages\torch\jit\_script.py:1491: FutureWarning: `torch.jit.script` is deprecated. Please switch to `torch.compile` or `torch.export`.
  warnings.warn(
[32m[INFO][0m No OpenGL_accelerate module loaded: No module named 'OpenGL_accelerate'
[aimdo_diag] routes registered, snapshots -> C:\Users\HE\WorkBuddy\2026-10-08-05-10-30\outputs\aimdo_stats_snapshots.jsonl
[1m[33m[WARNING][0m comfy_entrypoint in E:\aiwork\ComfyUI_windows_portable_intel\ComfyUI_windows_portable\ComfyUI\custom_nodes\aimdo_diag.py did not return a ComfyExtension, skipping.
[32m[INFO][0m [OmniXPU] omni_xpu_kernel 0.2.0b2+torch214.bmg - available: sdp, norm, rotary, linear_fp8, int8, layout
[32m[INFO][0m [OmniXPU] quantized_matmul_adapter: applied
[32m[INFO][0m [OmniXPU] sparse_attention_adapter: applied
[32m[INFO][0m [OmniXPU] attention_adapter: skipped (OMNI_ATTN_BACKEND=torch (using PyTorch SDPA, no patch))
[32m[INFO][0m [OmniXPU] rotary_adapter: skipped (LTX split-half RoPE function not available)
[32m[INFO][0m [OmniXPU] norm: H120 FP16 native route enabled (target=bmg)
[32m[INFO][0m [OmniXPU] norm: BMG GroupNorm route enabled (target=bmg)
[32m[INFO][0m [OmniXPU] norm: SeedVR BMG GroupNorm route enabled (target=bmg)
[32m[INFO][0m [OmniXPU] norm: rebound 2 by-value imports of rms_norm
[32m[INFO][0m [OmniXPU] norm: patched Krea2 local RMSNorm.forward
[32m[INFO][0m [OmniXPU] norm_adapter: applied
[32m[INFO][0m [OmniXPU] norm: patched MiniMax H3 segmented RMS modulation
[32m[INFO][0m [OmniXPU] h3_rms_modulation_adapter: applied
[32m[INFO][0m [OmniXPU] fp8_model_adapter: applied
[32m[INFO][0m [OmniXPU] INT8 FFN: routed eligible lumina.FeedForward, omnigen2.LuminaFeedForward, krea2.SwiGLU through fused kernels
[32m[INFO][0m [OmniXPU] int8_ffn_adapter: applied
[32m[INFO][0m [OmniXPU] dynamic_vram_boundary_trim: applied
[32m[INFO][0m [OmniXPU] lora_memory_adapter: applied
[32m[INFO][0m [OmniXPU] qwen_image21_cache_adapter: skipped (unsupported put cache contract)
[32m[INFO][0m [OmniXPU] seedvr_ada_reshape_patch: applied
[32m[INFO][0m [OmniXPU] seedvr_capacity_adapter: skipped (unsupported SwiGLUMLP.forward contract)
[32m[INFO][0m [OmniXPU] seedvr_cat_pad_adapter: skipped (unsupported SeedVR2 memory_limit_conv contract)
[32m[INFO][0m [OmniXPU] large_video_preprocess_adapter: applied
[32m[INFO][0m [OmniXPU] legacy_interpolate_fix: skipped (disabled by env)
[32m[INFO][0m [OmniXPU] legacy_median_fix: skipped (disabled by env)
[32m[INFO][0m 
Import times for custom nodes:
[32m[INFO][0m    0.0 seconds: E:\aiwork\ComfyUI_windows_portable_intel\ComfyUI_windows_portable\ComfyUI\custom_nodes\websocket_image_save.py
[32m[INFO][0m    0.0 seconds (IMPORT FAILED): E:\aiwork\ComfyUI_windows_portable_intel\ComfyUI_windows_portable\ComfyUI\custom_nodes\aimdo_diag.py
[32m[INFO][0m    2.0 seconds: E:\aiwork\ComfyUI_windows_portable_intel\ComfyUI_windows_portable\ComfyUI\custom_nodes\ComfyUI-OmniXPU
[32m[INFO][0m 
[32m[INFO][0m Starting server

[32m[INFO][0m To see the GUI go to: http://127.0.0.1:8196
== S3b driver: server ready in 16.3s via /system_stats ==
== S3b driver: submitting small (PROMPT_small.json) ==
[32m[INFO][0m got prompt
== small: prompt_id=0771c475-811f-4272-8d76-9c34a7962695 ==
[32m[INFO][0m model weight dtype torch.float16, manual cast: None
[32m[INFO][0m model_type EPS
[32m[INFO][0m Model storage policy: fast_disk=True paths=['E:\\HE\\ComfyUI模型库\\checkpoints\\v1-5-pruned-emaonly-fp16.safetensors']
[32m[INFO][0m Model storage policy: fast_disk=True paths=['E:\\HE\\ComfyUI模型库\\checkpoints\\v1-5-pruned-emaonly-fp16.safetensors']
[32m[INFO][0m Using pytorch attention in VAE
[32m[INFO][0m Using pytorch attention in VAE
[32m[INFO][0m VAE load device: xpu:0, offload device: cpu, dtype: torch.bfloat16
[32m[INFO][0m Model storage policy: fast_disk=True paths=['E:\\HE\\ComfyUI模型库\\checkpoints\\v1-5-pruned-emaonly-fp16.safetensors']
[32m[INFO][0m CLIP/text encoder model load device: xpu:0, offload device: cpu, current: cpu, dtype: torch.float16
[32m[INFO][0m Requested to load SD1ClipModel
[32m[INFO][0m Model SD1ClipModel prepared for dynamic VRAM loading. 235MB Staged. 0 patches attached. Force pre-loaded 50 weights: 75 KB.
[32m[INFO][0m [OmniXPU] norm first use: LayerNorm shape=torch.Size([1, 77, 768])
[32m[INFO][0m Model SD1ClipModel prepared for dynamic VRAM loading. 235MB Staged. 0 patches attached. Force pre-loaded 50 weights: 75 KB.
[32m[INFO][0m [OmniXPU] AIMDO inference budget: devices=0 minimum=81.9MiB
[32m[INFO][0m Requested to load BaseModel
[32m[INFO][0m Model BaseModel prepared for dynamic VRAM loading. 1639MB Staged. 0 patches attached. Force pre-loaded 218 weights: 399 KB.
  0%|          | 0/20 [00:00<?, ?it/s]  0%|          | 0/20 [00:00<?, ?it/s,   Model Initializing ...  ]  0%|          | 0/20 [00:04<?, ?it/s,  Model Initialization complete!  ]  5%|▌         | 1/20 [00:04<01:33,  4.94s/it,  Model Initialization complete!  ]  5%|▌         | 1/20 [00:00<01:33,  4.94s/it]                                    15%|█▌        | 3/20 [00:00<00:01, 11.60it/s] 25%|██▌       | 5/20 [00:00<00:01, 11.85it/s] 35%|███▌      | 7/20 [00:00<00:01, 11.71it/s] 45%|████▌     | 9/20 [00:00<00:00, 11.81it/s] 55%|█████▌    | 11/20 [00:01<00:00, 11.86it/s] 65%|██████▌   | 13/20 [00:01<00:00, 11.53it/s] 75%|███████▌  | 15/20 [00:01<00:00, 11.88it/s] 85%|████████▌ | 17/20 [00:01<00:00, 11.90it/s] 95%|█████████▌| 19/20 [00:01<00:00, 11.84it/s]100%|██████████| 20/20 [00:01<00:00, 11.21it/s]
[32m[INFO][0m [OmniXPU] AIMDO inference budget: devices=0 minimum=1089.0MiB
[32m[INFO][0m Requested to load AutoencoderKL
[32m[INFO][0m Model AutoencoderKL prepared for dynamic VRAM loading. 159MB Staged. 0 patches attached. Force pre-loaded 112 weights: 91 KB.
[32m[INFO][0m [32mPrompt executed in 9.98 seconds[0m
== S3b driver: submitting h3 (PROMPT_h3.json) ==
[32m[INFO][0m got prompt
== h3: prompt_id=6dc8b6e1-a1fc-449f-8648-337be4338cf4 ==
[32m[INFO][0m Model storage policy: fast_disk=True paths=['E:\\HE\\ComfyUI模型库\\vae\\MiniMax H3\\minimax_h3_audio_vae_fp32.safetensors']
[32m[INFO][0m VAE load device: xpu:0, offload device: cpu, dtype: torch.float32
[32m[INFO][0m Model storage policy: fast_disk=True paths=['E:\\HE\\ComfyUI模型库\\vae\\MiniMax H3\\minimax_h3_video_vae_fp16.safetensors']
[32m[INFO][0m VAE load device: xpu:0, offload device: cpu, dtype: torch.float16
[32m[INFO][0m Found quantization metadata version 1
[32m[INFO][0m Using MixedPrecisionOps for text encoder
[32m[INFO][0m Model storage policy: fast_disk=True paths=['E:\\HE\\ComfyUI模型库\\text_encoders\\MiniMax H3\\qwen3vl_32b_minimax_h3_int4_convrot.safetensors']
[32m[INFO][0m CLIP/text encoder model load device: xpu:0, offload device: cpu, current: cpu, dtype: torch.float16
[32m[INFO][0m Requested to load MiniMaxH3TEModel_
[32m[INFO][0m Model MiniMaxH3TEModel_ prepared for dynamic VRAM loading. 14257MB Staged. 0 patches attached. Force pre-loaded 310 weights: 1272 KB.
[omni_xpu::device] warning: physical Device ID 0xe20b (physical_sku=b580) uses kernel_profile=b580, policy_id=b580-v1, support=experimental; functional support may be accepted independently, performance_claim=false
[32m[INFO][0m Found quantization metadata version 1
[32m[INFO][0m Detected mixed precision quantization
[32m[INFO][0m Using mixed precision operations
[32m[INFO][0m Native ops: int8_tensorwise , emulated ops: mxfp8, float8_e5m2, nvfp4, asym_w4a8_int8, float8_e4m3fn, w6a8_int8, convrot_w4a4
[32m[INFO][0m model weight dtype torch.bfloat16, manual cast: torch.bfloat16
[32m[INFO][0m model_type FLOW_AV
[32m[INFO][0m Model storage policy: fast_disk=True paths=['E:\\HE\\ComfyUI模型库\\diffusion_models\\MiniMax H3\\minimax_h3_fused_refdelta_r1024_turbo8_mystic07_int8_convrot.safetensors']
[1m[33m[WARNING][0m unet unexpected: ['adaln_basis', 'adaln_mean']
[32m[INFO][0m [OmniXPU] AIMDO inference budget: devices=0 minimum=3310.1MiB
[32m[INFO][0m Requested to load MiniMaxH3
[32m[INFO][0m Model MiniMaxH3 prepared for dynamic VRAM loading. 19995MB Staged. 0 patches attached. Force pre-loaded 210 weights: 1175 KB.
  0%|          | 0/8 [00:00<?, ?it/s]  0%|          | 0/8 [00:00<?, ?it/s,   Model Initializing ...  ]  0%|          | 0/8 [00:00<?, ?it/s,   Model Initializing ...  ]
[1m[31m[ERROR][0m !!! Exception during processing !!! level_zero backend failed with error: 20 (UR_RESULT_ERROR_DEVICE_LOST)
[1m[31m[ERROR][0m Traceback (most recent call last):
  File "E:\aiwork\ComfyUI_windows_portable_intel\ComfyUI_windows_portable\ComfyUI\execution.py", line 547, in execute
    output_data, output_ui, has_subgraph, has_pending_tasks = await get_output_data(prompt_id, unique_id, obj, input_data_all, execution_block_cb=execution_block_cb, pre_execute_cb=pre_execute_cb, v3_data=v3_data)
                                                              ^^^^^^^^^^^^^^^^^^^^^^^^^^^^^^^^^^^^^^^^^^^^^^^^^^^^^^^^^^^^^^^^^^^^^^^^^^^^^^^^^^^^^^^^^^^^^^^^^^^^^^^^^^^^^^^^^^^^^^^^^^^^^^^^^^^^^^^^^^^^^^^^^^^^^^^
  File "E:\aiwork\ComfyUI_windows_portable_intel\ComfyUI_windows_portable\ComfyUI\execution.py", line 352, in get_output_data
    return_values = await _async_map_node_over_list(prompt_id, unique_id, obj, input_data_all, obj.FUNCTION, allow_interrupt=True, execution_block_cb=execution_block_cb, pre_execute_cb=pre_execute_cb, v3_data=v3_data)
                    ^^^^^^^^^^^^^^^^^^^^^^^^^^^^^^^^^^^^^^^^^^^^^^^^^^^^^^^^^^^^^^^^^^^^^^^^^^^^^^^^^^^^^^^^^^^^^^^^^^^^^^^^^^^^^^^^^^^^^^^^^^^^^^^^^^^^^^^^^^^^^^^^^^^^^^^^^^^^^^^^^^^^^^^^^^^^^^^^^^^^^^^^^^^^^^^^^^^^^
  File "E:\aiwork\ComfyUI_windows_portable_intel\ComfyUI_windows_portable\ComfyUI\execution.py", line 326, in _async_map_node_over_list
    await process_inputs(input_dict, i)
  File "E:\aiwork\ComfyUI_windows_portable_intel\ComfyUI_windows_portable\ComfyUI\execution.py", line 314, in process_inputs
    result = f(**inputs)
  File "E:\aiwork\ComfyUI_windows_portable_intel\ComfyUI_windows_portable\ComfyUI\comfy_api\internal\__init__.py", line 149, in wrapped_func
    return method(locked_class, **inputs)
  File "E:\aiwork\ComfyUI_windows_portable_intel\ComfyUI_windows_portable\ComfyUI\comfy_api\latest\_io.py", line 2208, in EXECUTE_NORMALIZED
    to_return = cls.execute(*args, **kwargs)
  File "E:\aiwork\ComfyUI_windows_portable_intel\ComfyUI_windows_portable\ComfyUI\comfy_extras\nodes_custom_sampler.py", line 1055, in execute
    samples = guider.sample(noise.generate_noise(latent), latent_image, sampler, sigmas, denoise_mask=noise_mask, callback=callback, disable_pbar=disable_pbar, seed=noise.seed)
  File "E:\aiwork\ComfyUI_windows_portable_intel\ComfyUI_windows_portable\ComfyUI\comfy\samplers.py", line 1335, in sample
    output = executor.execute(noise, latent_image, sampler, sigmas, denoise_mask, callback, disable_pbar, seed, latent_shapes=latent_shapes)
  File "E:\aiwork\ComfyUI_windows_portable_intel\ComfyUI_windows_portable\ComfyUI\comfy\patcher_extension.py", line 113, in execute
    return self.original(*args, **kwargs)
           ~~~~~~~~~~~~~^^^^^^^^^^^^^^^^^
  File "E:\aiwork\ComfyUI_windows_portable_intel\ComfyUI_windows_portable\ComfyUI\comfy\samplers.py", line 1262, in outer_sample
    output = self.inner_sample(noise, latent_image, device, sampler, sigmas, denoise_mask, callback, disable_pbar, seed, latent_shapes=latent_shapes)
  File "E:\aiwork\ComfyUI_windows_portable_intel\ComfyUI_windows_portable\ComfyUI\comfy\samplers.py", line 1237, in inner_sample
    samples = executor.execute(self, sigmas, extra_args, callback, noise, latent_image, denoise_mask, disable_pbar)
  File "E:\aiwork\ComfyUI_windows_portable_intel\ComfyUI_windows_portable\ComfyUI\comfy\patcher_extension.py", line 113, in execute
    return self.original(*args, **kwargs)
           ~~~~~~~~~~~~~^^^^^^^^^^^^^^^^^
  File "E:\aiwork\ComfyUI_windows_portable_intel\ComfyUI_windows_portable\ComfyUI\comfy\samplers.py", line 1005, in sample
    samples = self.sampler_function(model_k, noise, sigmas, extra_args=extra_args, callback=k_callback, disable=disable_pbar, **self.extra_options)
  File "E:\aiwork\ComfyUI_windows_portable_intel\ComfyUI_windows_portable\python_embeded\Lib\site-packages\torch\utils\_contextlib.py", line 124, in decorate_context
    return func(*args, **kwargs)
  File "E:\aiwork\ComfyUI_windows_portable_intel\ComfyUI_windows_portable\ComfyUI\comfy\k_diffusion\sampling.py", line 1528, in sample_res_multistep
    return res_multistep(model, x, sigmas, extra_args=extra_args, callback=callback, disable=disable, s_noise=s_noise, noise_sampler=noise_sampler, eta=0., cfg_pp=False)
  File "E:\aiwork\ComfyUI_windows_portable_intel\ComfyUI_windows_portable\python_embeded\Lib\site-packages\torch\utils\_contextlib.py", line 124, in decorate_context
    return func(*args, **kwargs)
  File "E:\aiwork\ComfyUI_windows_portable_intel\ComfyUI_windows_portable\ComfyUI\comfy\k_diffusion\sampling.py", line 1486, in res_multistep
    denoised = model(x, sigmas[i] * s_in, **extra_args)
  File "E:\aiwork\ComfyUI_windows_portable_intel\ComfyUI_windows_portable\ComfyUI\comfy\samplers.py", line 640, in __call__
    out = self.inner_model(x, sigma, model_options=model_options, seed=seed)
  File "E:\aiwork\ComfyUI_windows_portable_intel\ComfyUI_windows_portable\ComfyUI\comfy\samplers.py", line 1208, in __call__
    return self.outer_predict_noise(*args, **kwargs)
           ~~~~~~~~~~~~~~~~~~~~~~~~^^^^^^^^^^^^^^^^^
  File "E:\aiwork\ComfyUI_windows_portable_intel\ComfyUI_windows_portable\ComfyUI\comfy\samplers.py", line 1215, in outer_predict_noise
    ).execute(x, timestep, model_options, seed)
      ~~~~~~~^^^^^^^^^^^^^^^^^^^^^^^^^^^^^^^^^^
  File "E:\aiwork\ComfyUI_windows_portable_intel\ComfyUI_windows_portable\ComfyUI\comfy\patcher_extension.py", line 113, in execute
    return self.original(*args, **kwargs)
           ~~~~~~~~~~~~~^^^^^^^^^^^^^^^^^
  File "E:\aiwork\ComfyUI_windows_portable_intel\ComfyUI_windows_portable\ComfyUI\comfy\samplers.py", line 1218, in predict_noise
    return sampling_function(self.inner_model, x, timestep, self.conds.get("negative", None), self.conds.get("positive", None), self.cfg, model_options=model_options, seed=seed)
  File "E:\aiwork\ComfyUI_windows_portable_intel\ComfyUI_windows_portable\ComfyUI\comfy\samplers.py", line 620, in sampling_function
    out = calc_cond_batch(model, conds, x, timestep, model_options)
  File "E:\aiwork\ComfyUI_windows_portable_intel\ComfyUI_windows_portable\ComfyUI\comfy\samplers.py", line 211, in calc_cond_batch
    return _calc_cond_batch_outer(model, conds, x_in, timestep, model_options)
  File "E:\aiwork\ComfyUI_windows_portable_intel\ComfyUI_windows_portable\ComfyUI\comfy\samplers.py", line 219, in _calc_cond_batch_outer
    return executor.execute(model, conds, x_in, timestep, model_options)
           ~~~~~~~~~~~~~~~~^^^^^^^^^^^^^^^^^^^^^^^^^^^^^^^^^^^^^^^^^^^^^
  File "E:\aiwork\ComfyUI_windows_portable_intel\ComfyUI_windows_portable\ComfyUI\comfy\patcher_extension.py", line 113, in execute
    return self.original(*args, **kwargs)
           ~~~~~~~~~~~~~^^^^^^^^^^^^^^^^^
  File "E:\aiwork\ComfyUI_windows_portable_intel\ComfyUI_windows_portable\ComfyUI\comfy\samplers.py", line 335, in _calc_cond_batch
    output = model.apply_model(input_x, timestep_, **c).chunk(batch_chunks)
             ~~~~~~~~~~~~~~~~~^^^^^^^^^^^^^^^^^^^^^^^^^
  File "E:\aiwork\ComfyUI_windows_portable_intel\ComfyUI_windows_portable\ComfyUI\comfy\model_base.py", line 210, in apply_model
    return comfy.patcher_extension.WrapperExecutor.new_class_executor(
           ~~~~~~~~~~~~~~~~~~~~~~~~~~~~~~~~~~~~~~~~~~~~~~~~~~~~~~~~~~~
    ...<2 lines>...
        comfy.patcher_extension.get_all_wrappers(comfy.patcher_extension.WrappersMP.APPLY_MODEL, transformer_options)
        ~~~~~~~~~~~~~~~~~~~~~~~~~~~~~~~~~~~~~~~~~~~~~~~~~~~~~~~~~~~~~~~~~~~~~~~~~~~~~~~~~~~~~~~~~~~~~~~~~~~~~~~~~~~~~
    ).execute(x, t, c_concat, c_crossattn, control, transformer_options, **kwargs)
    ~~~~~~~~~^^^^^^^^^^^^^^^^^^^^^^^^^^^^^^^^^^^^^^^^^^^^^^^^^^^^^^^^^^^^^^^^^^^^^
  File "E:\aiwork\ComfyUI_windows_portable_intel\ComfyUI_windows_portable\ComfyUI\comfy\patcher_extension.py", line 113, in execute
    return self.original(*args, **kwargs)
           ~~~~~~~~~~~~~^^^^^^^^^^^^^^^^^
  File "E:\aiwork\ComfyUI_windows_portable_intel\ComfyUI_windows_portable\ComfyUI\comfy\model_base.py", line 254, in _apply_model
    model_output = self.diffusion_model(xc, t, context=context, control=control, transformer_options=transformer_options, **extra_conds)
  File "E:\aiwork\ComfyUI_windows_portable_intel\ComfyUI_windows_portable\python_embeded\Lib\site-packages\torch\nn\modules\module.py", line 1783, in _wrapped_call_impl
    return self._call_impl(*args, **kwargs)
           ~~~~~~~~~~~~~~~^^^^^^^^^^^^^^^^^
  File "E:\aiwork\ComfyUI_windows_portable_intel\ComfyUI_windows_portable\python_embeded\Lib\site-packages\torch\nn\modules\module.py", line 1794, in _call_impl
    return forward_call(*args, **kwargs)
  File "E:\aiwork\ComfyUI_windows_portable_intel\ComfyUI_windows_portable\ComfyUI\comfy\ldm\minimax\model.py", line 650, in forward
    graph_out = comfy.patcher_extension.WrapperExecutor.new_class_executor(
    ...<2 lines>...
        comfy.patcher_extension.get_all_wrappers(comfy.patcher_extension.WrappersMP.DIFFUSION_MODEL, transformer_options)
    ).execute(x, timestep, context, transformer_options, minimax_payload=minimax_payload,
              denoise_mask=denoise_mask, audio_denoise_mask=audio_denoise_mask, **kwargs)
  File "E:\aiwork\ComfyUI_windows_portable_intel\ComfyUI_windows_portable\ComfyUI\comfy\patcher_extension.py", line 113, in execute
    return self.original(*args, **kwargs)
           ~~~~~~~~~~~~~^^^^^^^^^^^^^^^^^
  File "E:\aiwork\ComfyUI_windows_portable_intel\ComfyUI_windows_portable\ComfyUI\comfy\ldm\minimax\model.py", line 777, in _forward
    t_emb = torch.lerp(table[i0], table[i0 + 1], (pos - i0).unsqueeze(1))  # blend the two rows by the fractional part
                                        ~~~^~~
RuntimeError: level_zero backend failed with error: 40 (UR_RESULT_ERROR_OUT_OF_RESOURCES)

During handling of the above exception, another exception occurred:

Traceback (most recent call last):
  File "E:\aiwork\ComfyUI_windows_portable_intel\ComfyUI_windows_portable\ComfyUI\execution.py", line 553, in execute
    comfy.model_management.reset_cast_buffers()
    ~~~~~~~~~~~~~~~~~~~~~~~~~~~~~~~~~~~~~~~~~^^
  File "E:\aiwork\ComfyUI_windows_portable_intel\ComfyUI_windows_portable\ComfyUI\comfy\model_management.py", line 1482, in reset_cast_buffers
    synchronize()
    ~~~~~~~~~~~^^
  File "E:\aiwork\ComfyUI_windows_portable_intel\ComfyUI_windows_portable\ComfyUI\comfy\model_management.py", line 2220, in synchronize
    torch.xpu.synchronize()
    ~~~~~~~~~~~~~~~~~~~~~^^
  File "E:\aiwork\ComfyUI_windows_portable_intel\ComfyUI_windows_portable\python_embeded\Lib\site-packages\torch\xpu\__init__.py", line 703, in synchronize
    return torch._C._xpu_synchronize(device)
           ~~~~~~~~~~~~~~~~~~~~~~~~~^^^^^^^^
RuntimeError: level_zero backend failed with error: 20 (UR_RESULT_ERROR_DEVICE_LOST)

[32m[INFO][0m [32mPrompt executed in 11.17 seconds[0m
Exception in thread Thread-3 (prompt_worker):
Traceback (most recent call last):
  File "threading.py", line 1044, in _bootstrap_inner
  File "threading.py", line 995, in run
  File "E:\aiwork\ComfyUI_windows_portable_intel\ComfyUI_windows_portable\ComfyUI\main.py", line 416, in prompt_worker
    comfy.model_management.soft_empty_cache()
    ~~~~~~~~~~~~~~~~~~~~~~~~~~~~~~~~~~~~~~~^^
  File "E:\aiwork\ComfyUI_windows_portable_intel\ComfyUI_windows_portable\ComfyUI\comfy\model_management.py", line 2233, in soft_empty_cache
    torch.xpu.synchronize()
    ~~~~~~~~~~~~~~~~~~~~~^^
  File "E:\aiwork\ComfyUI_windows_portable_intel\ComfyUI_windows_portable\python_embeded\Lib\site-packages\torch\xpu\__init__.py", line 703, in synchronize
    return torch._C._xpu_synchronize(device)
           ~~~~~~~~~~~~~~~~~~~~~~~~~^^^^^^^^
RuntimeError: level_zero backend failed with error: 20 (UR_RESULT_ERROR_DEVICE_LOST)

###--- supervisor: child rc=0 elapsed=46.7s ---
